2026-09-18 08:29:06.490: [INFO] CurrentProfilePath: C:\Users\Likki\OneDrive\Documents\OmniStock\.metadata\.plugins\org.eclipse.swt\EBWebView\Default
2026-09-18 08:29:06.490: [INFO] Profiles total count: 1
2026-09-18 08:29:06.490: [INFO] Profile: name=Profile 1 path=C:\Users\Likki\OneDrive\Documents\OmniStock\.metadata\.plugins\org.eclipse.swt\EBWebView\Default lastActive=null
2026-09-18 08:29:06.490: [INFO] LastUsedProfileDir: C:\Users\Likki\OneDrive\Documents\OmniStock\.metadata\.plugins\org.eclipse.swt\EBWebView\Default
2026-09-18 08:29:06.490: [INFO] OnDoneLoading sync enabled: 0
2026-09-18 08:29:06.490: [INFO] BookmarkModelLoaded, ids_reassigned: 0
2026-09-18 08:29:06.490: [INFO] BookmarksLoadDropped droppedNodes=0
2026-09-18 08:29:06.490: [INFO] BookmarksSnapshot Startup total=0 bar=0 other=0 mobile=0 showBar=0 showBarNTP=1
2026-09-18 08:33:35.741: [INFO] BookmarksSnapshot Shutdown total=0 bar=0 other=0 mobile=0 showBar=0 showBarNTP=1
2026-09-18 08:33:35.948: [INFO] CurrentProfilePath: C:\Users\Likki\OneDrive\Documents\OmniStock\.metadata\.plugins\org.eclipse.swt\EBWebView\Default
2026-09-18 08:33:35.948: [INFO] Profiles total count: 1
2026-09-18 08:33:35.948: [INFO] Profile: name=Profile 1 path=C:\Users\Likki\OneDrive\Documents\OmniStock\.metadata\.plugins\org.eclipse.swt\EBWebView\Default lastActive=null
2026-09-18 08:33:35.948: [INFO] LastUsedProfileDir: C:\Users\Likki\OneDrive\Documents\OmniStock\.metadata\.plugins\org.eclipse.swt\EBWebView\Default
2026-09-18 08:33:35.948: [INFO] OnDoneLoading sync enabled: 0
2026-09-18 08:33:35.948: [INFO] BookmarkModelLoaded, ids_reassigned: 0
2026-09-18 08:33:35.948: [INFO] BookmarksLoadDropped droppedNodes=0
2026-09-18 08:33:35.948: [INFO] BookmarksSnapshot Startup total=0 bar=0 other=0 mobile=0 showBar=0 showBarNTP=1
2026-09-18 08:33:46.790: [INFO] BookmarksSnapshot Shutdown total=0 bar=0 other=0 mobile=0 showBar=0 showBarNTP=1
2026-09-18 08:33:46.889: [INFO] CurrentProfilePath: C:\Users\Likki\OneDrive\Documents\OmniStock\.metadata\.plugins\org.eclipse.swt\EBWebView\Default
2026-09-18 08:33:46.889: [INFO] Profiles total count: 1
2026-09-18 08:33:46.889: [INFO] Profile: name=Profile 1 path=C:\Users\Likki\OneDrive\Documents\OmniStock\.metadata\.plugins\org.eclipse.swt\EBWebView\Default lastActive=null
2026-09-18 08:33:46.889: [INFO] LastUsedProfileDir: C:\Users\Likki\OneDrive\Documents\OmniStock\.metadata\.plugins\org.eclipse.swt\EBWebView\Default
2026-09-18 08:33:46.889: [INFO] OnDoneLoading sync enabled: 0
2026-09-18 08:33:46.889: [INFO] BookmarkModelLoaded, ids_reassigned: 0
2026-09-18 08:33:46.889: [INFO] BookmarksLoadDropped droppedNodes=0
2026-09-18 08:33:46.889: [INFO] BookmarksSnapshot Startup total=0 bar=0 other=0 mobile=0 showBar=0 showBarNTP=1
2026-09-18 08:41:51.453: [INFO] BookmarksSnapshot Shutdown total=0 bar=0 other=0 mobile=0 showBar=0 showBarNTP=1
2026-09-18 08:41:51.693: [INFO] CurrentProfilePath: C:\Users\Likki\OneDrive\Documents\OmniStock\.metadata\.plugins\org.eclipse.swt\EBWebView\Default
2026-09-18 08:41:51.693: [INFO] Profiles total count: 1
2026-09-18 08:41:51.693: [INFO] Profile: name=Profile 1 path=C:\Users\Likki\OneDrive\Documents\OmniStock\.metadata\.plugins\org.eclipse.swt\EBWebView\Default lastActive=null
2026-09-18 08:41:51.693: [INFO] LastUsedProfileDir: C:\Users\Likki\OneDrive\Documents\OmniStock\.metadata\.plugins\org.eclipse.swt\EBWebView\Default
2026-09-18 08:41:51.693: [INFO] OnDoneLoading sync enabled: 0
2026-09-18 08:41:51.693: [INFO] BookmarkModelLoaded, ids_reassigned: 0
2026-09-18 08:41:51.693: [INFO] BookmarksLoadDropped droppedNodes=0
2026-09-18 08:41:51.693: [INFO] BookmarksSnapshot Startup total=0 bar=0 other=0 mobile=0 showBar=0 showBarNTP=1
2026-09-19 04:03:01.625: [INFO] BookmarksSnapshot Shutdown total=0 bar=0 other=0 mobile=0 showBar=0 showBarNTP=1
2026-09-19 09:58:44.118: [INFO] CurrentProfilePath: C:\Users\Likki\OneDrive\Documents\OmniStock\.metadata\.plugins\org.eclipse.swt\EBWebView\Default
2026-09-19 09:58:44.118: [INFO] Profiles total count: 1
2026-09-19 09:58:44.119: [INFO] Profile: name=Profile 1 path=C:\Users\Likki\OneDrive\Documents\OmniStock\.metadata\.plugins\org.eclipse.swt\EBWebView\Default lastActive=2026-09-18T09:24:43.316Z
2026-09-19 09:58:44.119: [INFO] LastUsedProfileDir: C:\Users\Likki\OneDrive\Documents\OmniStock\.metadata\.plugins\org.eclipse.swt\EBWebView\Default
2026-09-19 09:58:44.119: [INFO] MostRecentlyActiveProfile: name=Profile 1 path=C:\Users\Likki\OneDrive\Documents\OmniStock\.metadata\.plugins\org.eclipse.swt\EBWebView\Default lastActive=2026-09-18T09:24:43.316Z
2026-09-19 09:58:44.119: [INFO] OnDoneLoading sync enabled: 0
2026-09-19 09:58:44.119: [INFO] BookmarkModelLoaded, ids_reassigned: 0
2026-09-19 09:58:44.119: [INFO] BookmarksLoadDropped droppedNodes=0
2026-09-19 09:58:44.119: [INFO] BookmarksSnapshot Startup total=0 bar=0 other=0 mobile=0 showBar=0 showBarNTP=1
2026-09-19 11:16:38.912: [INFO] BookmarksSnapshot Shutdown total=0 bar=0 other=0 mobile=0 showBar=0 showBarNTP=1
2026-09-19 11:24:05.317: [INFO] CurrentProfilePath: C:\Users\Likki\OneDrive\Documents\OmniStock\.metadata\.plugins\org.eclipse.swt\EBWebView\Default
2026-09-19 11:24:05.317: [INFO] Profiles total count: 1
2026-09-19 11:24:05.317: [INFO] Profile: name=Profile 1 path=C:\Users\Likki\OneDrive\Documents\OmniStock\.metadata\.plugins\org.eclipse.swt\EBWebView\Default lastActive=2026-09-18T09:24:43.316Z
2026-09-19 11:24:05.317: [INFO] LastUsedProfileDir: C:\Users\Likki\OneDrive\Documents\OmniStock\.metadata\.plugins\org.eclipse.swt\EBWebView\Default
2026-09-19 11:24:05.317: [INFO] MostRecentlyActiveProfile: name=Profile 1 path=C:\Users\Likki\OneDrive\Documents\OmniStock\.metadata\.plugins\org.eclipse.swt\EBWebView\Default lastActive=2026-09-18T09:24:43.316Z
2026-09-19 11:24:05.317: [INFO] OnDoneLoading sync enabled: 0
2026-09-19 11:24:05.317: [INFO] BookmarkModelLoaded, ids_reassigned: 0
2026-09-19 11:24:05.317: [INFO] BookmarksLoadDropped droppedNodes=0
2026-09-19 11:24:05.317: [INFO] BookmarksSnapshot Startup total=0 bar=0 other=0 mobile=0 showBar=0 showBarNTP=1
2026-09-19 11:24:10.018: [INFO] BookmarksSnapshot Shutdown total=0 bar=0 other=0 mobile=0 showBar=0 showBarNTP=1
2026-09-19 11:27:25.475: [INFO] CurrentProfilePath: C:\Users\Likki\OneDrive\Documents\OmniStock\.metadata\.plugins\org.eclipse.swt\EBWebView\Default
2026-09-19 11:27:25.475: [INFO] Profiles total count: 1
2026-09-19 11:27:25.475: [INFO] Profile: name=Profile 1 path=C:\Users\Likki\OneDrive\Documents\OmniStock\.metadata\.plugins\org.eclipse.swt\EBWebView\Default lastActive=2026-09-18T09:24:43.316Z
2026-09-19 11:27:25.475: [INFO] LastUsedProfileDir: C:\Users\Likki\OneDrive\Documents\OmniStock\.metadata\.plugins\org.eclipse.swt\EBWebView\Default
2026-09-19 11:27:25.475: [INFO] MostRecentlyActiveProfile: name=Profile 1 path=C:\Users\Likki\OneDrive\Documents\OmniStock\.metadata\.plugins\org.eclipse.swt\EBWebView\Default lastActive=2026-09-18T09:24:43.316Z
2026-09-19 11:27:25.475: [INFO] OnDoneLoading sync enabled: 0
2026-09-19 11:27:25.475: [INFO] BookmarkModelLoaded, ids_reassigned: 0
2026-09-19 11:27:25.475: [INFO] BookmarksLoadDropped droppedNodes=0
2026-09-19 11:27:25.475: [INFO] BookmarksSnapshot Startup total=0 bar=0 other=0 mobile=0 showBar=0 showBarNTP=1
2026-09-19 11:28:25.448: [INFO] BookmarksSnapshot Shutdown total=0 bar=0 other=0 mobile=0 showBar=0 showBarNTP=1
2026-09-19 11:28:25.550: [INFO] CurrentProfilePath: C:\Users\Likki\OneDrive\Documents\OmniStock\.metadata\.plugins\org.eclipse.swt\EBWebView\Default
2026-09-19 11:28:25.550: [INFO] Profiles total count: 1
2026-09-19 11:28:25.550: [INFO] Profile: name=Profile 1 path=C:\Users\Likki\OneDrive\Documents\OmniStock\.metadata\.plugins\org.eclipse.swt\EBWebView\Default lastActive=2026-09-18T09:24:43.316Z
2026-09-19 11:28:25.550: [INFO] LastUsedProfileDir: C:\Users\Likki\OneDrive\Documents\OmniStock\.metadata\.plugins\org.eclipse.swt\EBWebView\Default
2026-09-19 11:28:25.550: [INFO] MostRecentlyActiveProfile: name=Profile 1 path=C:\Users\Likki\OneDrive\Documents\OmniStock\.metadata\.plugins\org.eclipse.swt\EBWebView\Default lastActive=2026-09-18T09:24:43.316Z
2026-09-19 11:28:25.550: [INFO] OnDoneLoading sync enabled: 0
2026-09-19 11:28:25.550: [INFO] BookmarkModelLoaded, ids_reassigned: 0
2026-09-19 11:28:25.550: [INFO] BookmarksLoadDropped droppedNodes=0
2026-09-19 11:28:25.550: [INFO] BookmarksSnapshot Startup total=0 bar=0 other=0 mobile=0 showBar=0 showBarNTP=1
2026-09-19 11:44:06.709: [INFO] BookmarksSnapshot Shutdown total=0 bar=0 other=0 mobile=0 showBar=0 showBarNTP=1
2026-09-19 11:44:06.934: [INFO] CurrentProfilePath: C:\Users\Likki\OneDrive\Documents\OmniStock\.metadata\.plugins\org.eclipse.swt\EBWebView\Default
2026-09-19 11:44:06.934: [INFO] Profiles total count: 1
2026-09-19 11:44:06.934: [INFO] Profile: name=Profile 1 path=C:\Users\Likki\OneDrive\Documents\OmniStock\.metadata\.plugins\org.eclipse.swt\EBWebView\Default lastActive=2026-09-18T09:24:43.316Z
2026-09-19 11:44:06.934: [INFO] LastUsedProfileDir: C:\Users\Likki\OneDrive\Documents\OmniStock\.metadata\.plugins\org.eclipse.swt\EBWebView\Default
2026-09-19 11:44:06.934: [INFO] MostRecentlyActiveProfile: name=Profile 1 path=C:\Users\Likki\OneDrive\Documents\OmniStock\.metadata\.plugins\org.eclipse.swt\EBWebView\Default lastActive=2026-09-18T09:24:43.316Z
2026-09-19 11:44:06.934: [INFO] OnDoneLoading sync enabled: 0
2026-09-19 11:44:06.934: [INFO] BookmarkModelLoaded, ids_reassigned: 0
2026-09-19 11:44:06.934: [INFO] BookmarksLoadDropped droppedNodes=0
2026-09-19 11:44:06.934: [INFO] BookmarksSnapshot Startup total=0 bar=0 other=0 mobile=0 showBar=0 showBarNTP=1
2026-09-19 11:57:39.386: [INFO] BookmarksSnapshot Shutdown total=0 bar=0 other=0 mobile=0 showBar=0 showBarNTP=1
2026-09-19 11:57:39.591: [INFO] CurrentProfilePath: C:\Users\Likki\OneDrive\Documents\OmniStock\.metadata\.plugins\org.eclipse.swt\EBWebView\Default
2026-09-19 11:57:39.591: [INFO] Profiles total count: 1
2026-09-19 11:57:39.591: [INFO] Profile: name=Profile 1 path=C:\Users\Likki\OneDrive\Documents\OmniStock\.metadata\.plugins\org.eclipse.swt\EBWebView\Default lastActive=2026-09-18T09:24:43.316Z
2026-09-19 11:57:39.591: [INFO] LastUsedProfileDir: C:\Users\Likki\OneDrive\Documents\OmniStock\.metadata\.plugins\org.eclipse.swt\EBWebView\Default
2026-09-19 11:57:39.591: [INFO] MostRecentlyActiveProfile: name=Profile 1 path=C:\Users\Likki\OneDrive\Documents\OmniStock\.metadata\.plugins\org.eclipse.swt\EBWebView\Default lastActive=2026-09-18T09:24:43.316Z
2026-09-19 11:57:39.591: [INFO] OnDoneLoading sync enabled: 0
2026-09-19 11:57:39.591: [INFO] BookmarkModelLoaded, ids_reassigned: 0
2026-09-19 11:57:39.591: [INFO] BookmarksLoadDropped droppedNodes=0
2026-09-19 11:57:39.591: [INFO] BookmarksSnapshot Startup total=0 bar=0 other=0 mobile=0 showBar=0 showBarNTP=1
2026-09-19 13:41:37.047: [INFO] BookmarksSnapshot Shutdown total=0 bar=0 other=0 mobile=0 showBar=0 showBarNTP=1
2026-09-19 13:52:05.022: [INFO] CurrentProfilePath: C:\Users\Likki\OneDrive\Documents\OmniStock\.metadata\.plugins\org.eclipse.swt\EBWebView\Default
2026-09-19 13:52:05.022: [INFO] Profiles total count: 1
2026-09-19 13:52:05.022: [INFO] Profile: name=Profile 1 path=C:\Users\Likki\OneDrive\Documents\OmniStock\.metadata\.plugins\org.eclipse.swt\EBWebView\Default lastActive=2026-09-18T09:24:43.316Z
2026-09-19 13:52:05.022: [INFO] LastUsedProfileDir: C:\Users\Likki\OneDrive\Documents\OmniStock\.metadata\.plugins\org.eclipse.swt\EBWebView\Default
2026-09-19 13:52:05.022: [INFO] MostRecentlyActiveProfile: name=Profile 1 path=C:\Users\Likki\OneDrive\Documents\OmniStock\.metadata\.plugins\org.eclipse.swt\EBWebView\Default lastActive=2026-09-18T09:24:43.316Z
2026-09-19 13:52:05.022: [INFO] OnDoneLoading sync enabled: 0
2026-09-19 13:52:05.022: [INFO] BookmarkModelLoaded, ids_reassigned: 0
2026-09-19 13:52:05.022: [INFO] BookmarksLoadDropped droppedNodes=0
2026-09-19 13:52:05.022: [INFO] BookmarksSnapshot Startup total=0 bar=0 other=0 mobile=0 showBar=0 showBarNTP=1
2026-09-19 14:10:16.738: [INFO] BookmarksSnapshot Shutdown total=0 bar=0 other=0 mobile=0 showBar=0 showBarNTP=1
2026-09-19 14:36:33.293: [INFO] CurrentProfilePath: C:\Users\Likki\OneDrive\Documents\OmniStock\.metadata\.plugins\org.eclipse.swt\EBWebView\Default
2026-09-19 14:36:33.293: [INFO] Profiles total count: 1
2026-09-19 14:36:33.294: [INFO] Profile: name=Profile 1 path=C:\Users\Likki\OneDrive\Documents\OmniStock\.metadata\.plugins\org.eclipse.swt\EBWebView\Default lastActive=2026-09-18T09:24:43.316Z
2026-09-19 14:36:33.294: [INFO] LastUsedProfileDir: C:\Users\Likki\OneDrive\Documents\OmniStock\.metadata\.plugins\org.eclipse.swt\EBWebView\Default
2026-09-19 14:36:33.294: [INFO] MostRecentlyActiveProfile: name=Profile 1 path=C:\Users\Likki\OneDrive\Documents\OmniStock\.metadata\.plugins\org.eclipse.swt\EBWebView\Default lastActive=2026-09-18T09:24:43.316Z
2026-09-19 14:36:33.294: [INFO] OnDoneLoading sync enabled: 0
2026-09-19 14:36:33.294: [INFO] BookmarkModelLoaded, ids_reassigned: 0
2026-09-19 14:36:33.294: [INFO] BookmarksLoadDropped droppedNodes=0
2026-09-19 14:36:33.294: [INFO] BookmarksSnapshot Startup total=0 bar=0 other=0 mobile=0 showBar=0 showBarNTP=1
2026-09-19 14:43:40.488: [INFO] BookmarksSnapshot Shutdown total=0 bar=0 other=0 mobile=0 showBar=0 showBarNTP=1
2026-09-19 14:56:27.546: [INFO] CurrentProfilePath: C:\Users\Likki\OneDrive\Documents\OmniStock\.metadata\.plugins\org.eclipse.swt\EBWebView\Default
2026-09-19 14:56:27.546: [INFO] Profiles total count: 1
2026-09-19 14:56:27.546: [INFO] Profile: name=Profile 1 path=C:\Users\Likki\OneDrive\Documents\OmniStock\.metadata\.plugins\org.eclipse.swt\EBWebView\Default lastActive=2026-09-18T09:24:43.316Z
2026-09-19 14:56:27.546: [INFO] LastUsedProfileDir: C:\Users\Likki\OneDrive\Documents\OmniStock\.metadata\.plugins\org.eclipse.swt\EBWebView\Default
2026-09-19 14:56:27.546: [INFO] MostRecentlyActiveProfile: name=Profile 1 path=C:\Users\Likki\OneDrive\Documents\OmniStock\.metadata\.plugins\org.eclipse.swt\EBWebView\Default lastActive=2026-09-18T09:24:43.316Z
2026-09-19 14:56:27.546: [INFO] OnDoneLoading sync enabled: 0
2026-09-19 14:56:27.546: [INFO] BookmarkModelLoaded, ids_reassigned: 0
2026-09-19 14:56:27.546: [INFO] BookmarksLoadDropped droppedNodes=0
2026-09-19 14:56:27.546: [INFO] BookmarksSnapshot Startup total=0 bar=0 other=0 mobile=0 showBar=0 showBarNTP=1
2026-09-20 10:46:30.587: [INFO] BookmarksSnapshot Shutdown total=0 bar=0 other=0 mobile=0 showBar=0 showBarNTP=1
